Drill report for Li-Po_Battery_Charger.kicad_pcb
Created on 2026-09-28T21:23:17

Copper Layer Stackup:
    =============================================================
    L1 :  F.Cu                      front
    L2 :  B.Cu                      back


Drill file 'Li-Po_Battery_Charger-PTH.drl' contains
    plated through holes:
    =============================================================
    T1  0.150mm  0.0059"  (2 holes))
    T2  0.180mm  0.0071"  (3 holes))
    T3  0.200mm  0.0079"  (1 hole)
    T4  0.300mm  0.0118"  (27 holes))
    T5  0.300mm  0.0118"  (4 holes))
    T6  0.500mm  0.0197"  (2 holes))
    T7  0.600mm  0.0236"  (4 holes)  (with 4 slots)
    T8  0.850mm  0.0335"  (2 holes))

    Total plated holes count 45


Drill file 'Li-Po_Battery_Charger-NPTH.drl' contains
    unplated through holes:
    =============================================================
    T1  2.200mm  0.0866"  (4 holes))

    Total unplated holes count 4
